// Jest Snapshot v1, https://goo.gl/fbAQLP

exports[`TypesSection Rendering should match to snapshot 1`] = `
<Styled(View)>
  <Type
    key="electric"
    slot={3}
    type={
      Object {
        "name": "electric",
        "url": "electric.com",
      }
    }
  />
  <Type
    key="poison"
    slot={2}
    type={
      Object {
        "name": "poison",
        "url": "electric.com",
      }
    }
  />
</Styled(View)>
`;
