// Jest Snapshot v1, https://goo.gl/fbAQLP

exports[`Stats Rendering should match to snapshot with effort = 0 1`] = `
<Styled(View)>
  <Styled(Text)>
    attack
  </Styled(Text)>
  <Styled(View)>
    <Styled(Text)>
      450
    </Styled(Text)>
    <Styled(Text)>
      0
    </Styled(Text)>
  </Styled(View)>
</Styled(View)>
`;

exports[`Stats Rendering should match to snapshot with effort > 0 1`] = `
<Styled(View)>
  <Styled(Text)>
    attack
  </Styled(Text)>
  <Styled(View)>
    <Styled(Text)>
      450
    </Styled(Text)>
    <Styled(Text)>
       (1)
    </Styled(Text)>
  </Styled(View)>
</Styled(View)>
`;
